[www.britannica.com/technology/commercial-fishing/Types-of-fishery.html]
[backblue.gif]
[fade.gif]
[index.html]
[cdn.britannica.com/mendel-resources/3-77/dist/vendor-bundle22ab.css]
[cdn.britannica.com/mendel-resources/3-77/dist/mendel-css22ab.css]
[cdn.britannica.com/mendel-resources/3-77/dist/topic-page22ab.css]
[www.googleoptimize.com/optimize3ea8.js]
[cdn.britannica.com/mendel/eb-logo/MendelNewThistleLogo.png]
[www.britannica.com/technology/commercial-fishing/History-of-commercial-fishing.html]
[www.britannica.com/technology/commercial-fishing/Fishery-equipment-and-facilities.html]
[www.britannica.com/technology/commercial-fishing/Drive-in-and-lift-nets.html]
[www.britannica.com/technology/commercial-fishing/Beam-or-outrigger-trawlers.html]
[www.britannica.com/technology/commercial-fishing/Liners.html]
[www.britannica.com/technology/commercial-fishing/Shellfish.html]
[www.britannica.com/technology/commercial-fishing/Fish-finding.html]
[www.britannica.com/technology/commercial-fishing/Sea-fishing-methods.html]
[www.britannica.com/technology/commercial-fishing/Bottom-longlines.html]
[www.britannica.com/technology/commercial-fishing/Seine-nets.html]
[www.britannica.com/technology/commercial-fishing/Entangling-nets.html]
[www.britannica.com/technology/commercial-fishing/Methods.html]
[www.britannica.com/technology/commercial-fishing/images-videos.html]
[www.britannica.com/technology/commercial-fishing/additional-info.html]
[cdn.britannica.com/60/88660-050-ED2B7DBC/Haddock.jpg]
[cdn.britannica.com/60/88660-050-ED2B7DBC/Haddock0442.jpg]
[cdn.britannica.com/64/88664-050-90BE16E7/Atlantic-halibut.jpg]
[cdn.britannica.com/64/88664-050-90BE16E7/Atlantic-halibut0442.jpg]
[cdn.britannica.com/47/88747-050-A53D50CB/Jack-mackerel.jpg]
[cdn.britannica.com/47/88747-050-A53D50CB/Jack-mackerel0442.jpg]
[cdn.britannica.com/75/88075-050-8F3A6E3A/Atlantic-bonito.jpg]
[cdn.britannica.com/75/88075-050-8F3A6E3A/Atlantic-bonito0442.jpg]
[www.britannica.com/technology/commercial-fishing/Types-of-fishery.html]
[cdn.britannica.com/mendel-resources/3-77/dist/vendor-bundle22ab.css]
[cdn.britannica.com/mendel-resources/3-77/js/libs/jquery-3.5.0.min22ab.js]
[cdn.britannica.com/mendel-resources/3-77/images/footer/background.png]
[cdn.britannica.com/mendel-resources/3-77/images/footer/mw-logo.gif]
[cdn.britannica.com/mendel-resources/3-77/images/shared/ajax.gif]
[cdn.britannica.com/mendel-resources/3-77/images/shared/mobile-comments-logged-in.png]
[cdn.britannica.com/mendel-resources/3-77/dist/mendel-css22ab.css]
[cdn.britannica.com/mendel-resources/3-77/dist/topic-page22ab.css]
[www.googletagmanager.com/gtm5445.html]
[cdn.britannica.com/mendel-resources/3-77/images/shared/nsprites24.png]
[www.britannica.com/technology/commercial-fishing/History-of-commercial-fishing.html]
[www.britannica.com/technology/commercial-fishing/Fishery-equipment-and-facilities.html]
[cdn.britannica.com/38/179538-138-70C57623/effects-climate-change-overfishing-fish-supply-world2fcd.jpg]
[cdn.britannica.com/97/1597-050-008F30FA/Flag-India0d44.jpg]
[www.britannica.com/technology/commercial-fishing/Drive-in-and-lift-nets.html]
[www.britannica.com/technology/commercial-fishing/Beam-or-outrigger-trawlers.html]
[www.britannica.com/technology/commercial-fishing/Liners.html]
[www.britannica.com/technology/commercial-fishing/Shellfish.html]
[www.britannica.com/technology/commercial-fishing/Fish-finding.html]
[www.britannica.com/technology/commercial-fishing/Sea-fishing-methods.html]
[www.britannica.com/technology/commercial-fishing/Bottom-longlines.html]
[www.britannica.com/technology/commercial-fishing/Seine-nets.html]
[www.britannica.com/technology/commercial-fishing/Entangling-nets.html]
[www.britannica.com/technology/commercial-fishing/Methods.html]
[cdn.britannica.com/38/179538-138-70C57623/effects-climate-change-overfishing-fish-supply-worldd425.jpg]
[cdn.britannica.com/30/22030-138-E094FECD/fishing-popularity-seafood-Scandinaviad425.jpg]
[cdn.britannica.com/10/185610-138-FE4E7AB2/differences-fishing-harvesting-order-fish-supply-generationsd425.jpg]
[cdn.britannica.com/59/116559-004-3BE01C7A/Worker-fish-market-Tsukiji-Tokyo.jpg]
[cdn.britannica.com/59/116559-004-3BE01C7A/Worker-fish-market-Tsukiji-Tokyod425.jpg]
[cdn.britannica.com/46/59046-004-C6B76794/Fishing-beluga-sturgeon-Volga-River-Russia-Volgograd.jpg]
[cdn.britannica.com/46/59046-004-C6B76794/Fishing-beluga-sturgeon-Volga-River-Russia-Volgogradd425.jpg]
[cdn.britannica.com/17/3317-004-13DCD86C/Fishing-anchovies-coast-Peru.jpg]
[cdn.britannica.com/17/3317-004-13DCD86C/Fishing-anchovies-coast-Perud425.jpg]
[www.britannica.com/technology/commercial-fishing/images-videos.html]
[www.britannica.com/technology/commercial-fishing/additional-info.html]
[insitez.blob.core.windows.net/site/f780f33e-a610-4ac2-af81-3eb184037547.js]
[cdn.britannica.com/mendel-resources/3-77/dist/topic-media-browse-page22ab.css]
[cdn.britannica.com/07/6007-004-3C81451C/Lobster-fishing-coast-Cape-Breton-Canada-Nova.jpg]
[cdn.britannica.com/07/6007-004-3C81451C/Lobster-fishing-coast-Cape-Breton-Canada-Novad425.jpg]
[cdn.britannica.com/04/178304-004-3910C3C0/bigeye-thresher-shark-bycatch-longline.jpg]
[cdn.britannica.com/04/178304-004-3910C3C0/bigeye-thresher-shark-bycatch-longlined425.jpg]
[cdn.britannica.com/60/88660-004-9EFFE9DB/Haddock.jpg]
[cdn.britannica.com/60/88660-004-9EFFE9DB/Haddockd425.jpg]
[cdn.britannica.com/64/88664-004-A3B2BA13/Atlantic-halibut.jpg]
[cdn.britannica.com/64/88664-004-A3B2BA13/Atlantic-halibutd425.jpg]
[cdn.britannica.com/47/88747-004-1558A8B9/Jack-mackerel.jpg]
[cdn.britannica.com/47/88747-004-1558A8B9/Jack-mackereld425.jpg]
[cdn.britannica.com/75/88075-004-DD65B081/Atlantic-bonito.jpg]
[cdn.britannica.com/75/88075-004-DD65B081/Atlantic-bonitod425.jpg]
[cdn.britannica.com/27/166127-004-18DEBA7E/salmon-fishing-boat-Alaska.jpg]
[cdn.britannica.com/27/166127-004-18DEBA7E/salmon-fishing-boat-Alaskad425.jpg]
[cdn.britannica.com/58/122858-004-87134898/Coils-fisherman-rope.jpg]
[cdn.britannica.com/58/122858-004-87134898/Coils-fisherman-roped425.jpg]
[cdn.britannica.com/17/25017-004-1DB777FD/Fisherman-cormorants-Li-River-China-Zhuang-Autonomous.jpg]
[cdn.britannica.com/17/25017-004-1DB777FD/Fisherman-cormorants-Li-River-China-Zhuang-Autonomousd425.jpg]
[cdn.britannica.com/52/352-004-A4EEE5DA/fish-catch-harbour-Den-Esbjerg.jpg]
[cdn.britannica.com/52/352-004-A4EEE5DA/fish-catch-harbour-Den-Esbjergd425.jpg]
[cdn.britannica.com/76/119176-004-FBBAE026/crate-lobsters-lobster-boat-Maine-coast.jpg]
[cdn.britannica.com/76/119176-004-FBBAE026/crate-lobsters-lobster-boat-Maine-coastd425.jpg]
[cdn.britannica.com/77/123677-004-FD6241DA/Fishing-nets-state-Kerala-India.jpg]
[cdn.britannica.com/77/123677-004-FD6241DA/Fishing-nets-state-Kerala-Indiad425.jpg]
[cdn.britannica.com/26/73326-050-5B825ECC/factory-ship-Japanese-slipway-minke-whale-stern-1992781f.jpg]
[cdn.britannica.com/49/212949-050-1CA12183/domesticated-yaks-Everest-Base-Camp-Himalayas781f.jpg]
[cdn.britannica.com/50/126550-050-9899CF0A/Flies-saltwater-bass-popper-fly-fishing-woolly-bugger781f.jpg]
[cdn.britannica.com/29/126029-004-A0285D68/Faroese-fish-farm781f.jpg]
[cdn.britannica.com/mendel-resources/3-77/dist/topic-additional-info-page22ab.css]
